{
  "version": "1.5.0",
  "plugins_used": [
    {
      "name": "ArtifactoryDetector"
    },
    {
      "name": "AWSKeyDetector"
    },
    {
      "name": "AzureStorageKeyDetector"
    },
    {
      "name": "Base64HighEntropyString",
      "limit": 4.5
    },
    {
      "name": "BasicAuthDetector"
    },
    {
      "name": "CloudantDetector"
    },
    {
      "name": "DiscordBotTokenDetector"
    },
    {
      "name": "GitHubTokenDetector"
    },
    {
      "name": "GitLabTokenDetector"
    },
    {
      "name": "HexHighEntropyString",
      "limit": 3.0
    },
    {
      "name": "IbmCloudIamDetector"
    },
    {
      "name": "IbmCosHmacDetector"
    },
    {
      "name": "IPPublicDetector"
    },
    {
      "name": "JwtTokenDetector"
    },
    {
      "name": "KeywordDetector",
      "keyword_exclude": ""
    },
    {
      "name": "MailchimpDetector"
    },
    {
      "name": "NpmDetector"
    },
    {
      "name": "OpenAIDetector"
    },
    {
      "name": "PrivateKeyDetector"
    },
    {
      "name": "PypiTokenDetector"
    },
    {
      "name": "SendGridDetector"
    },
    {
      "name": "SlackDetector"
    },
    {
      "name": "SoftlayerDetector"
    },
    {
      "name": "SquareOAuthDetector"
    },
    {
      "name": "StripeDetector"
    },
    {
      "name": "TelegramBotTokenDetector"
    },
    {
      "name": "TwilioKeyDetector"
    }
  ],
  "filters_used": [
    {
      "path": "detect_secrets.filters.allowlist.is_line_allowlisted"
    },
    {
      "path": "detect_secrets.filters.common.is_baseline_file",
      "filename": ".secrets.baseline"
    },
    {
      "path": "detect_secrets.filters.common.is_ignored_due_to_verification_policies",
      "min_level": 2
    },
    {
      "path": "detect_secrets.filters.heuristic.is_indirect_reference"
    },
    {
      "path": "detect_secrets.filters.heuristic.is_likely_id_string"
    },
    {
      "path": "detect_secrets.filters.heuristic.is_lock_file"
    },
    {
      "path": "detect_secrets.filters.heuristic.is_not_alphanumeric_string"
    },
    {
      "path": "detect_secrets.filters.heuristic.is_potential_uuid"
    },
    {
      "path": "detect_secrets.filters.heuristic.is_prefixed_with_dollar_sign"
    },
    {
      "path": "detect_secrets.filters.heuristic.is_sequential_string"
    },
    {
      "path": "detect_secrets.filters.heuristic.is_swagger_file"
    },
    {
      "path": "detect_secrets.filters.heuristic.is_templated_secret"
    },
    {
      "path": "detect_secrets.filters.regex.should_exclude_file",
      "pattern": [
        "internal/app/app.go"
      ]
    }
  ],
  "results": {
    "internal/app/app_test.go": [
      {
        "type": "Secret Keyword",
        "filename": "internal/app/app_test.go",
        "hashed_secret": "e9a5f12a8ecbb3eb46eca5096b5c52aa5e7c9fdd",
        "is_verified": false,
        "line_number": 87
      }
    ],
    "internal/config/build.go": [
      {
        "type": "Secret Keyword",
        "filename": "internal/config/build.go",
        "hashed_secret": "44e17306b837162269a410204daaa5ecee4ec22c",
        "is_verified": false,
        "line_number": 120
      }
    ],
    "internal/config/helpers.go": [
      {
        "type": "Secret Keyword",
        "filename": "internal/config/helpers.go",
        "hashed_secret": "44e17306b837162269a410204daaa5ecee4ec22c",
        "is_verified": false,
        "line_number": 39
      }
    ],
    "internal/config/load_test.go": [
      {
        "type": "Secret Keyword",
        "filename": "internal/config/load_test.go",
        "hashed_secret": "e9a5f12a8ecbb3eb46eca5096b5c52aa5e7c9fdd",
        "is_verified": false,
        "line_number": 31
      },
      {
        "type": "Secret Keyword",
        "filename": "internal/config/load_test.go",
        "hashed_secret": "6e9937e7ddf42c6644513492f9c75aa07378e781",
        "is_verified": false,
        "line_number": 154
      },
      {
        "type": "Secret Keyword",
        "filename": "internal/config/load_test.go",
        "hashed_secret": "855c58962459e4f27101aea734bce7efdc4e787b",
        "is_verified": false,
        "line_number": 193
      },
      {
        "type": "Secret Keyword",
        "filename": "internal/config/load_test.go",
        "hashed_secret": "450026afbbf05e08039cf0a2df60fc9528cd6488",
        "is_verified": false,
        "line_number": 210
      },
      {
        "type": "Secret Keyword",
        "filename": "internal/config/load_test.go",
        "hashed_secret": "bfeb734d2eb5d0915145c1861248757d4fd32bc2",
        "is_verified": false,
        "line_number": 238
      },
      {
        "type": "Secret Keyword",
        "filename": "internal/config/load_test.go",
        "hashed_secret": "8f81a348e1de8f4d779816059377767e8ae2a4a4",
        "is_verified": false,
        "line_number": 449
      },
      {
        "type": "Secret Keyword",
        "filename": "internal/config/load_test.go",
        "hashed_secret": "3ce6fda07b72408ae78fbd439cbccffb06ef7872",
        "is_verified": false,
        "line_number": 468
      }
    ],
    "internal/e2e/e2e_test.go": [
      {
        "type": "Secret Keyword",
        "filename": "internal/e2e/e2e_test.go",
        "hashed_secret": "e9a5f12a8ecbb3eb46eca5096b5c52aa5e7c9fdd",
        "is_verified": false,
        "line_number": 54
      },
      {
        "type": "Secret Keyword",
        "filename": "internal/e2e/e2e_test.go",
        "hashed_secret": "845fa28a5bf5d82cfa91a00ef9cf6cca8aef00db",
        "is_verified": false,
        "line_number": 86
      },
      {
        "type": "Secret Keyword",
        "filename": "internal/e2e/e2e_test.go",
        "hashed_secret": "49fd535e63175a827aab3eff9ac58a9e82460ac9",
        "is_verified": false,
        "line_number": 141
      },
      {
        "type": "Secret Keyword",
        "filename": "internal/e2e/e2e_test.go",
        "hashed_secret": "9240183895a402c29237d5232bdbf29b098cbab8",
        "is_verified": false,
        "line_number": 420
      },
      {
        "type": "Secret Keyword",
        "filename": "internal/e2e/e2e_test.go",
        "hashed_secret": "bb3be8e9392f90cd6fdd90f9ffc3cc40e2d6b670",
        "is_verified": false,
        "line_number": 474
      }
    ],
    "internal/httpapi/handler_test.go": [
      {
        "type": "Secret Keyword",
        "filename": "internal/httpapi/handler_test.go",
        "hashed_secret": "766a6e8998aefe2117d62c2d48411e43161ffa11",
        "is_verified": false,
        "line_number": 140
      }
    ],
    "pnpm-lock.yaml": [
      {
        "type": "Base64 High Entropy String",
        "filename": "pnpm-lock.yaml",
        "hashed_secret": "6f54e5f3cff0558a333012cb18a2f7704a4a694f",
        "is_verified": false,
        "line_number": 45
      },
      {
        "type": "Base64 High Entropy String",
        "filename": "pnpm-lock.yaml",
        "hashed_secret": "6a1911189662b59023c6d2d6d4e1fbc01421b619",
        "is_verified": false,
        "line_number": 49
      },
      {
        "type": "Base64 High Entropy String",
        "filename": "pnpm-lock.yaml",
        "hashed_secret": "adad3bd40b618379d1ae8b44e3957160e2b6f424",
        "is_verified": false,
        "line_number": 53
      },
      {
        "type": "Base64 High Entropy String",
        "filename": "pnpm-lock.yaml",
        "hashed_secret": "7b95ea8039d35a7040aa1baff69522d9ada12110",
        "is_verified": false,
        "line_number": 58
      },
      {
        "type": "Base64 High Entropy String",
        "filename": "pnpm-lock.yaml",
        "hashed_secret": "30bdefbc2ad2c6e0ab67d7eabe5e8e52e59e0e4f",
        "is_verified": false,
        "line_number": 62
      },
      {
        "type": "Base64 High Entropy String",
        "filename": "pnpm-lock.yaml",
        "hashed_secret": "c87513a6cd78a34e081b52bce06026bb10110f33",
        "is_verified": false,
        "line_number": 66
      },
      {
        "type": "Base64 High Entropy String",
        "filename": "pnpm-lock.yaml",
        "hashed_secret": "ccf642d1d5004b662169ff80d545b024db106274",
        "is_verified": false,
        "line_number": 70
      },
      {
        "type": "Base64 High Entropy String",
        "filename": "pnpm-lock.yaml",
        "hashed_secret": "7c3dc46a5cac173cfb908f35261bba9986f5d6b4",
        "is_verified": false,
        "line_number": 74
      },
      {
        "type": "Base64 High Entropy String",
        "filename": "pnpm-lock.yaml",
        "hashed_secret": "17ad0c360262795527b826bd12bb5a635904bbdd",
        "is_verified": false,
        "line_number": 78
      },
      {
        "type": "Base64 High Entropy String",
        "filename": "pnpm-lock.yaml",
        "hashed_secret": "23817d5fee06d2b90679e75432ee6525ae78400d",
        "is_verified": false,
        "line_number": 82
      },
      {
        "type": "Base64 High Entropy String",
        "filename": "pnpm-lock.yaml",
        "hashed_secret": "82abc8b27bf7c898f0474786e88a39125ad99d80",
        "is_verified": false,
        "line_number": 86
      },
      {
        "type": "Base64 High Entropy String",
        "filename": "pnpm-lock.yaml",
        "hashed_secret": "359ea33dc970c00e5ad9dd4765681affb7eda8ac",
        "is_verified": false,
        "line_number": 90
      },
      {
        "type": "Base64 High Entropy String",
        "filename": "pnpm-lock.yaml",
        "hashed_secret": "36d7e3a0469c9d9cab756cb8a34227d882a88119",
        "is_verified": false,
        "line_number": 94
      },
      {
        "type": "Base64 High Entropy String",
        "filename": "pnpm-lock.yaml",
        "hashed_secret": "e38f8973d554fbfa31e4010ef77deda227f2bf6e",
        "is_verified": false,
        "line_number": 98
      },
      {
        "type": "Base64 High Entropy String",
        "filename": "pnpm-lock.yaml",
        "hashed_secret": "2536ce3869b0a2d3e77544a1ef093f00b45ed78c",
        "is_verified": false,
        "line_number": 102
      },
      {
        "type": "Base64 High Entropy String",
        "filename": "pnpm-lock.yaml",
        "hashed_secret": "ccbfd643dff1d6a2096a35c5ab31bd9cfb730da2",
        "is_verified": false,
        "line_number": 106
      },
      {
        "type": "Base64 High Entropy String",
        "filename": "pnpm-lock.yaml",
        "hashed_secret": "983b6cc4588fb98c39b05cdf440304cb758f3f25",
        "is_verified": false,
        "line_number": 110
      },
      {
        "type": "Base64 High Entropy String",
        "filename": "pnpm-lock.yaml",
        "hashed_secret": "20af02e692118dbbb8616f1bb651d8e8c9bbaa29",
        "is_verified": false,
        "line_number": 114
      },
      {
        "type": "Base64 High Entropy String",
        "filename": "pnpm-lock.yaml",
        "hashed_secret": "1734b32039dac92a5c6411e3528568c60802a061",
        "is_verified": false,
        "line_number": 118
      },
      {
        "type": "Base64 High Entropy String",
        "filename": "pnpm-lock.yaml",
        "hashed_secret": "39c6dac83e6cf16304e35f578bf2643fa5e49c3e",
        "is_verified": false,
        "line_number": 122
      },
      {
        "type": "Base64 High Entropy String",
        "filename": "pnpm-lock.yaml",
        "hashed_secret": "a63a2f7c84326eabc8921b1093d842c99ac032f9",
        "is_verified": false,
        "line_number": 134
      },
      {
        "type": "Base64 High Entropy String",
        "filename": "pnpm-lock.yaml",
        "hashed_secret": "b5b5361b84a9ac5d8ab9e0120c673065c95f9d70",
        "is_verified": false,
        "line_number": 138
      },
      {
        "type": "Base64 High Entropy String",
        "filename": "pnpm-lock.yaml",
        "hashed_secret": "eca9a11828d6b74117739529ac9a5a89da93b17d",
        "is_verified": false,
        "line_number": 141
      },
      {
        "type": "Base64 High Entropy String",
        "filename": "pnpm-lock.yaml",
        "hashed_secret": "673b64d974c9f479e00100c1bf42ded10494fdfa",
        "is_verified": false,
        "line_number": 145
      },
      {
        "type": "Base64 High Entropy String",
        "filename": "pnpm-lock.yaml",
        "hashed_secret": "68c5632061a7a9a82b904500ca639cdabf229db5",
        "is_verified": false,
        "line_number": 154
      },
      {
        "type": "Base64 High Entropy String",
        "filename": "pnpm-lock.yaml",
        "hashed_secret": "b31a05cd0589802bed9f548f8fdcec14f6fa70a7",
        "is_verified": false,
        "line_number": 163
      },
      {
        "type": "Base64 High Entropy String",
        "filename": "pnpm-lock.yaml",
        "hashed_secret": "bd67d4dede076b822385f6c983d884af820f273d",
        "is_verified": false,
        "line_number": 172
      },
      {
        "type": "Base64 High Entropy String",
        "filename": "pnpm-lock.yaml",
        "hashed_secret": "8151540b8e86ff4c270cfe723e2bafc2c2f419e1",
        "is_verified": false,
        "line_number": 181
      },
      {
        "type": "Base64 High Entropy String",
        "filename": "pnpm-lock.yaml",
        "hashed_secret": "01ec0bcc8f1276d03cffc1c91afd6d55d064ea89",
        "is_verified": false,
        "line_number": 190
      },
      {
        "type": "Base64 High Entropy String",
        "filename": "pnpm-lock.yaml",
        "hashed_secret": "8fde85f235a8cf4a99209b1d42554de42a63a8e9",
        "is_verified": false,
        "line_number": 199
      },
      {
        "type": "Base64 High Entropy String",
        "filename": "pnpm-lock.yaml",
        "hashed_secret": "dfd4d234826c58e9fda3f0ea61f1162e33d3c04d",
        "is_verified": false,
        "line_number": 203
      },
      {
        "type": "Base64 High Entropy String",
        "filename": "pnpm-lock.yaml",
        "hashed_secret": "44ac2c980ff4e4c5bcb369bff83b9c4cded9080d",
        "is_verified": false,
        "line_number": 212
      },
      {
        "type": "Base64 High Entropy String",
        "filename": "pnpm-lock.yaml",
        "hashed_secret": "6d096ab0851712a352f965403a312feef3955f7e",
        "is_verified": false,
        "line_number": 221
      },
      {
        "type": "Base64 High Entropy String",
        "filename": "pnpm-lock.yaml",
        "hashed_secret": "268824b2dc555eef547c7e569ac3f6ece409f479",
        "is_verified": false,
        "line_number": 230
      },
      {
        "type": "Base64 High Entropy String",
        "filename": "pnpm-lock.yaml",
        "hashed_secret": "d81c18ccb28d7cfd4791e8e488d51d4e06c4c264",
        "is_verified": false,
        "line_number": 239
      },
      {
        "type": "Base64 High Entropy String",
        "filename": "pnpm-lock.yaml",
        "hashed_secret": "0949c8b0c13306856da4c7b42665620aa0871df7",
        "is_verified": false,
        "line_number": 248
      },
      {
        "type": "Base64 High Entropy String",
        "filename": "pnpm-lock.yaml",
        "hashed_secret": "ccc46a257f5a4034250578015a93e3c4007de107",
        "is_verified": false,
        "line_number": 257
      },
      {
        "type": "Base64 High Entropy String",
        "filename": "pnpm-lock.yaml",
        "hashed_secret": "8a34d8638cb99935e7a5bc23dee84a85f4a63d51",
        "is_verified": false,
        "line_number": 266
      },
      {
        "type": "Base64 High Entropy String",
        "filename": "pnpm-lock.yaml",
        "hashed_secret": "9a1373fb8bc6343a2626079c5c977463daea3541",
        "is_verified": false,
        "line_number": 275
      },
      {
        "type": "Base64 High Entropy String",
        "filename": "pnpm-lock.yaml",
        "hashed_secret": "e768776e74a3cb5645d538a9bd074c78e7fb52b3",
        "is_verified": false,
        "line_number": 279
      },
      {
        "type": "Base64 High Entropy String",
        "filename": "pnpm-lock.yaml",
        "hashed_secret": "150a1608ffd7395d510860bc11f1b69b49ff015a",
        "is_verified": false,
        "line_number": 283
      },
      {
        "type": "Base64 High Entropy String",
        "filename": "pnpm-lock.yaml",
        "hashed_secret": "12f16cfcc9f2d73cc1c7dff5fa1b787823fb00c7",
        "is_verified": false,
        "line_number": 287
      },
      {
        "type": "Base64 High Entropy String",
        "filename": "pnpm-lock.yaml",
        "hashed_secret": "972deb44821d1bc13f48070d4f38b617ff2dfa2a",
        "is_verified": false,
        "line_number": 291
      },
      {
        "type": "Base64 High Entropy String",
        "filename": "pnpm-lock.yaml",
        "hashed_secret": "e03cd87d903102351dde2621099029979ad92f52",
        "is_verified": false,
        "line_number": 295
      },
      {
        "type": "Base64 High Entropy String",
        "filename": "pnpm-lock.yaml",
        "hashed_secret": "3a23fb95fbcacf9e9697f951b2c311e2c5e8b713",
        "is_verified": false,
        "line_number": 299
      },
      {
        "type": "Base64 High Entropy String",
        "filename": "pnpm-lock.yaml",
        "hashed_secret": "42c1ea3083aa0727f7476d252e3a9efa58b0b6e2",
        "is_verified": false,
        "line_number": 303
      },
      {
        "type": "Base64 High Entropy String",
        "filename": "pnpm-lock.yaml",
        "hashed_secret": "140133c744b526198c972ef5449e978e6b48df94",
        "is_verified": false,
        "line_number": 306
      },
      {
        "type": "Base64 High Entropy String",
        "filename": "pnpm-lock.yaml",
        "hashed_secret": "afde63945a3fae3af85ab68c936f7c421f117d6a",
        "is_verified": false,
        "line_number": 312
      },
      {
        "type": "Base64 High Entropy String",
        "filename": "pnpm-lock.yaml",
        "hashed_secret": "56f743e0f5a0d0695ec240926740d5a00dc95e51",
        "is_verified": false,
        "line_number": 318
      },
      {
        "type": "Base64 High Entropy String",
        "filename": "pnpm-lock.yaml",
        "hashed_secret": "2fdbd4819aeeccbe99574d207955644f950e6e98",
        "is_verified": false,
        "line_number": 324
      },
      {
        "type": "Base64 High Entropy String",
        "filename": "pnpm-lock.yaml",
        "hashed_secret": "acc164250fb100f41c2e6a96de3cc9e3f182dacb",
        "is_verified": false,
        "line_number": 328
      },
      {
        "type": "Base64 High Entropy String",
        "filename": "pnpm-lock.yaml",
        "hashed_secret": "c944503cce95da2585f33136103b5df09a920ac7",
        "is_verified": false,
        "line_number": 332
      },
      {
        "type": "Base64 High Entropy String",
        "filename": "pnpm-lock.yaml",
        "hashed_secret": "f64cabe513850650e784ee856410d7c8d67fbcfc",
        "is_verified": false,
        "line_number": 336
      },
      {
        "type": "Base64 High Entropy String",
        "filename": "pnpm-lock.yaml",
        "hashed_secret": "08b246d1e71d76811f688ed27645e7010ca438a9",
        "is_verified": false,
        "line_number": 339
      },
      {
        "type": "Base64 High Entropy String",
        "filename": "pnpm-lock.yaml",
        "hashed_secret": "94bd519b20e43f518e778eb9bbc18ae334855ee9",
        "is_verified": false,
        "line_number": 343
      },
      {
        "type": "Base64 High Entropy String",
        "filename": "pnpm-lock.yaml",
        "hashed_secret": "8c9895634f63f5e1da3bcbfed0ec72fc898200e9",
        "is_verified": false,
        "line_number": 349
      },
      {
        "type": "Base64 High Entropy String",
        "filename": "pnpm-lock.yaml",
        "hashed_secret": "ad0aee975dcd06e95524608b615f952ce94f820f",
        "is_verified": false,
        "line_number": 354
      },
      {
        "type": "Base64 High Entropy String",
        "filename": "pnpm-lock.yaml",
        "hashed_secret": "ac8da45725fabd2afa7e2355fa4c57af35c87704",
        "is_verified": false,
        "line_number": 359
      },
      {
        "type": "Base64 High Entropy String",
        "filename": "pnpm-lock.yaml",
        "hashed_secret": "b542653db4ae7bcdfe8140f11f4b01d0f83590c9",
        "is_verified": false,
        "line_number": 363
      },
      {
        "type": "Base64 High Entropy String",
        "filename": "pnpm-lock.yaml",
        "hashed_secret": "bae301799dffcc6c5f2d2b47070c3619abaaa0b1",
        "is_verified": false,
        "line_number": 367
      },
      {
        "type": "Base64 High Entropy String",
        "filename": "pnpm-lock.yaml",
        "hashed_secret": "6b18c12334e222e32f51133c9b29b1ae73b6147c",
        "is_verified": false,
        "line_number": 371
      },
      {
        "type": "Base64 High Entropy String",
        "filename": "pnpm-lock.yaml",
        "hashed_secret": "58ad375918964945ca2addfe6681e5b4a970b0cd",
        "is_verified": false,
        "line_number": 374
      },
      {
        "type": "Base64 High Entropy String",
        "filename": "pnpm-lock.yaml",
        "hashed_secret": "9a660a663724a04c5d9474afcbc34fe22138e1ea",
        "is_verified": false,
        "line_number": 377
      },
      {
        "type": "Base64 High Entropy String",
        "filename": "pnpm-lock.yaml",
        "hashed_secret": "12820d317b344e3026d665daa19c704136e16c76",
        "is_verified": false,
        "line_number": 381
      },
      {
        "type": "Base64 High Entropy String",
        "filename": "pnpm-lock.yaml",
        "hashed_secret": "07860d1f8563c118dfa14b8c27bfef9420e3f8c2",
        "is_verified": false,
        "line_number": 385
      },
      {
        "type": "Base64 High Entropy String",
        "filename": "pnpm-lock.yaml",
        "hashed_secret": "35ca90e5fa9b87427a5ff8b3f333a7b7d45fc260",
        "is_verified": false,
        "line_number": 388
      },
      {
        "type": "Base64 High Entropy String",
        "filename": "pnpm-lock.yaml",
        "hashed_secret": "8dbe57e0fb77e02e3c6ce2fea324da52988cc557",
        "is_verified": false,
        "line_number": 392
      },
      {
        "type": "Base64 High Entropy String",
        "filename": "pnpm-lock.yaml",
        "hashed_secret": "d15b82853a984c45aab87399878c98082bac85ba",
        "is_verified": false,
        "line_number": 396
      },
      {
        "type": "Base64 High Entropy String",
        "filename": "pnpm-lock.yaml",
        "hashed_secret": "22bd0abeadedbe4ac89a1415cff3788f50a4dc48",
        "is_verified": false,
        "line_number": 400
      },
      {
        "type": "Base64 High Entropy String",
        "filename": "pnpm-lock.yaml",
        "hashed_secret": "d4703c99ad3cf77a2bba133d139e74d023573c1e",
        "is_verified": false,
        "line_number": 403
      },
      {
        "type": "Base64 High Entropy String",
        "filename": "pnpm-lock.yaml",
        "hashed_secret": "618c858c571e7eb1753f5e21b53618c5366fe5c5",
        "is_verified": false,
        "line_number": 406
      },
      {
        "type": "Base64 High Entropy String",
        "filename": "pnpm-lock.yaml",
        "hashed_secret": "c4db29bbcbff1034a6da0896fb4e7335de39165c",
        "is_verified": false,
        "line_number": 410
      },
      {
        "type": "Base64 High Entropy String",
        "filename": "pnpm-lock.yaml",
        "hashed_secret": "380086577a8654336212979ffbbaa01d2c4fd2e3",
        "is_verified": false,
        "line_number": 413
      },
      {
        "type": "Base64 High Entropy String",
        "filename": "pnpm-lock.yaml",
        "hashed_secret": "694a15f8ebd1b88c81325a864c546425dd118350",
        "is_verified": false,
        "line_number": 417
      },
      {
        "type": "Base64 High Entropy String",
        "filename": "pnpm-lock.yaml",
        "hashed_secret": "0df7dec641354f81bcd778c64b2626f28526d8bf",
        "is_verified": false,
        "line_number": 420
      },
      {
        "type": "Base64 High Entropy String",
        "filename": "pnpm-lock.yaml",
        "hashed_secret": "4cd454d960136b7b4f74cca3c12010ff2ebd7663",
        "is_verified": false,
        "line_number": 423
      },
      {
        "type": "Base64 High Entropy String",
        "filename": "pnpm-lock.yaml",
        "hashed_secret": "9c9385f9db38f12c7b054a1192b423062d0ca8a5",
        "is_verified": false,
        "line_number": 427
      },
      {
        "type": "Base64 High Entropy String",
        "filename": "pnpm-lock.yaml",
        "hashed_secret": "abcf02be94872e7bc97e76d4f93be723612f211f",
        "is_verified": false,
        "line_number": 431
      },
      {
        "type": "Base64 High Entropy String",
        "filename": "pnpm-lock.yaml",
        "hashed_secret": "7e0c8e7bebd3b26c7a99961ec3498c0448dcb08d",
        "is_verified": false,
        "line_number": 439
      },
      {
        "type": "Base64 High Entropy String",
        "filename": "pnpm-lock.yaml",
        "hashed_secret": "2ee2ba1ba92b35b86efce34680dd6e1300084026",
        "is_verified": false,
        "line_number": 443
      },
      {
        "type": "Base64 High Entropy String",
        "filename": "pnpm-lock.yaml",
        "hashed_secret": "476ecd7ea20d5733440ffad5566235be3797f129",
        "is_verified": false,
        "line_number": 447
      },
      {
        "type": "Base64 High Entropy String",
        "filename": "pnpm-lock.yaml",
        "hashed_secret": "07586f8ef11fce12c18ce3b1dc77d697a8a496e9",
        "is_verified": false,
        "line_number": 450
      },
      {
        "type": "Base64 High Entropy String",
        "filename": "pnpm-lock.yaml",
        "hashed_secret": "bd73154ecb5fd64ef2173415ad9906c7df2ec05a",
        "is_verified": false,
        "line_number": 453
      },
      {
        "type": "Base64 High Entropy String",
        "filename": "pnpm-lock.yaml",
        "hashed_secret": "5a51aa449bb6a0b918407ac04dd0f4dcaf785821",
        "is_verified": false,
        "line_number": 457
      },
      {
        "type": "Base64 High Entropy String",
        "filename": "pnpm-lock.yaml",
        "hashed_secret": "e455b1a4260dd3fce7bd2e249781c0000f691634",
        "is_verified": false,
        "line_number": 461
      },
      {
        "type": "Base64 High Entropy String",
        "filename": "pnpm-lock.yaml",
        "hashed_secret": "43d1a502d92dc3ec332e3f6ade6692827e8ffe6a",
        "is_verified": false,
        "line_number": 465
      },
      {
        "type": "Base64 High Entropy String",
        "filename": "pnpm-lock.yaml",
        "hashed_secret": "a4dc4c41bf81991fb4f12e0ad574509f05d595c8",
        "is_verified": false,
        "line_number": 468
      },
      {
        "type": "Base64 High Entropy String",
        "filename": "pnpm-lock.yaml",
        "hashed_secret": "0fa396e95b690119dc2b12237947c5443bdbb9d7",
        "is_verified": false,
        "line_number": 471
      },
      {
        "type": "Base64 High Entropy String",
        "filename": "pnpm-lock.yaml",
        "hashed_secret": "ca76b7af273ed2389f2995ff3a10d240f8fec4e5",
        "is_verified": false,
        "line_number": 475
      },
      {
        "type": "Base64 High Entropy String",
        "filename": "pnpm-lock.yaml",
        "hashed_secret": "690af56af1384793272c233c11ffb5d354b49fc0",
        "is_verified": false,
        "line_number": 479
      },
      {
        "type": "Base64 High Entropy String",
        "filename": "pnpm-lock.yaml",
        "hashed_secret": "43e69c85090264b5501c0964aaa3d048ee08fd37",
        "is_verified": false,
        "line_number": 483
      },
      {
        "type": "Base64 High Entropy String",
        "filename": "pnpm-lock.yaml",
        "hashed_secret": "4ed49acfbd180533265d2099f3043963c4a24443",
        "is_verified": false,
        "line_number": 487
      },
      {
        "type": "Base64 High Entropy String",
        "filename": "pnpm-lock.yaml",
        "hashed_secret": "428e72f71455a785963f1df5f85c26c6d6ae519b",
        "is_verified": false,
        "line_number": 491
      },
      {
        "type": "Base64 High Entropy String",
        "filename": "pnpm-lock.yaml",
        "hashed_secret": "23f390a5a802353f57d5ada37b4fc1318821819e",
        "is_verified": false,
        "line_number": 494
      },
      {
        "type": "Base64 High Entropy String",
        "filename": "pnpm-lock.yaml",
        "hashed_secret": "65bc1fbaa3b14704cbc3ccaa83ea4fb34dfbddee",
        "is_verified": false,
        "line_number": 497
      },
      {
        "type": "Base64 High Entropy String",
        "filename": "pnpm-lock.yaml",
        "hashed_secret": "1ebd63e8929c772c426ca399bef2877d74fe3a83",
        "is_verified": false,
        "line_number": 500
      },
      {
        "type": "Base64 High Entropy String",
        "filename": "pnpm-lock.yaml",
        "hashed_secret": "301e2e72f9338b58572c276040cba0298e33ea10",
        "is_verified": false,
        "line_number": 504
      },
      {
        "type": "Base64 High Entropy String",
        "filename": "pnpm-lock.yaml",
        "hashed_secret": "7bddfe8185dcd5c4b7fb703d2f0213a3b49a39c7",
        "is_verified": false,
        "line_number": 508
      },
      {
        "type": "Base64 High Entropy String",
        "filename": "pnpm-lock.yaml",
        "hashed_secret": "a0bf6bd0e247640ffdbbc054fb1db0cb9c8fc99d",
        "is_verified": false,
        "line_number": 512
      },
      {
        "type": "Base64 High Entropy String",
        "filename": "pnpm-lock.yaml",
        "hashed_secret": "4c5ce94329eb4a33b88662732159eaa12a9dbc20",
        "is_verified": false,
        "line_number": 516
      },
      {
        "type": "Base64 High Entropy String",
        "filename": "pnpm-lock.yaml",
        "hashed_secret": "2c4d702346219a7672fdd9bffb1912f8e2d38541",
        "is_verified": false,
        "line_number": 520
      },
      {
        "type": "Base64 High Entropy String",
        "filename": "pnpm-lock.yaml",
        "hashed_secret": "045be93c41717d9adb2c1ec3379b11dc5aa911d8",
        "is_verified": false,
        "line_number": 525
      },
      {
        "type": "Base64 High Entropy String",
        "filename": "pnpm-lock.yaml",
        "hashed_secret": "2ddf30b70909592b76194356147fc1aa88d1f4ff",
        "is_verified": false,
        "line_number": 530
      },
      {
        "type": "Base64 High Entropy String",
        "filename": "pnpm-lock.yaml",
        "hashed_secret": "f7d92bc306a6e9f53d4af12de72b139acb7d66fc",
        "is_verified": false,
        "line_number": 534
      },
      {
        "type": "Base64 High Entropy String",
        "filename": "pnpm-lock.yaml",
        "hashed_secret": "e8eb0c1479d1f5f4d82b6f9520d24fdd679b1c85",
        "is_verified": false,
        "line_number": 539
      },
      {
        "type": "Base64 High Entropy String",
        "filename": "pnpm-lock.yaml",
        "hashed_secret": "cc8caee5a2ac6da9a591e48809f6da93f36428cf",
        "is_verified": false,
        "line_number": 547
      },
      {
        "type": "Base64 High Entropy String",
        "filename": "pnpm-lock.yaml",
        "hashed_secret": "72b9f99be2bb3954ab00ae8341f1057a61e89bec",
        "is_verified": false,
        "line_number": 556
      },
      {
        "type": "Base64 High Entropy String",
        "filename": "pnpm-lock.yaml",
        "hashed_secret": "74441c85dfe898d7d08b19ff085cb1c756f5024a",
        "is_verified": false,
        "line_number": 559
      },
      {
        "type": "Base64 High Entropy String",
        "filename": "pnpm-lock.yaml",
        "hashed_secret": "5b3782a695a0325c3ba46e0018d4073621b7619f",
        "is_verified": false,
        "line_number": 563
      },
      {
        "type": "Base64 High Entropy String",
        "filename": "pnpm-lock.yaml",
        "hashed_secret": "d45062677e99f28b9a98f4b53e9af8f56b01bb10",
        "is_verified": false,
        "line_number": 567
      },
      {
        "type": "Base64 High Entropy String",
        "filename": "pnpm-lock.yaml",
        "hashed_secret": "7a78a230e254560f9f64b9ed8674934974f3f0a2",
        "is_verified": false,
        "line_number": 576
      },
      {
        "type": "Base64 High Entropy String",
        "filename": "pnpm-lock.yaml",
        "hashed_secret": "aa06dec50d17927562e6f85010b18589a268fb68",
        "is_verified": false,
        "line_number": 580
      },
      {
        "type": "Base64 High Entropy String",
        "filename": "pnpm-lock.yaml",
        "hashed_secret": "d4c5f43f00c0c8df123ef0e807b38e19868390bc",
        "is_verified": false,
        "line_number": 584
      },
      {
        "type": "Base64 High Entropy String",
        "filename": "pnpm-lock.yaml",
        "hashed_secret": "30c43b1bdee61a953ab6ac7a37bb4c9ad4eab524",
        "is_verified": false,
        "line_number": 588
      },
      {
        "type": "Base64 High Entropy String",
        "filename": "pnpm-lock.yaml",
        "hashed_secret": "199534de53c507a1dcfd70cbdf7fd78c717b5277",
        "is_verified": false,
        "line_number": 591
      },
      {
        "type": "Base64 High Entropy String",
        "filename": "pnpm-lock.yaml",
        "hashed_secret": "393b1af671c1c993b7f4425b8460bda0118ad333",
        "is_verified": false,
        "line_number": 597
      },
      {
        "type": "Base64 High Entropy String",
        "filename": "pnpm-lock.yaml",
        "hashed_secret": "6ddf012a6a2e7981b41c117f0c73caea659bcaef",
        "is_verified": false,
        "line_number": 600
      },
      {
        "type": "Base64 High Entropy String",
        "filename": "pnpm-lock.yaml",
        "hashed_secret": "c5962ed6f5789d3680c05023e03374ddf3c5a567",
        "is_verified": false,
        "line_number": 604
      },
      {
        "type": "Base64 High Entropy String",
        "filename": "pnpm-lock.yaml",
        "hashed_secret": "d41c6cf903d39fadce9238d73df66f09342a88b1",
        "is_verified": false,
        "line_number": 607
      },
      {
        "type": "Base64 High Entropy String",
        "filename": "pnpm-lock.yaml",
        "hashed_secret": "2d166cdb8235457ffd9245bf880e8f2d3de0e8d5",
        "is_verified": false,
        "line_number": 610
      },
      {
        "type": "Base64 High Entropy String",
        "filename": "pnpm-lock.yaml",
        "hashed_secret": "c132450e9e0b1e447c8f427ec4a965e16d8382e2",
        "is_verified": false,
        "line_number": 614
      },
      {
        "type": "Base64 High Entropy String",
        "filename": "pnpm-lock.yaml",
        "hashed_secret": "a32ffe8d9fdbaeb585585ce8cd7b374a3023dc5c",
        "is_verified": false,
        "line_number": 617
      },
      {
        "type": "Base64 High Entropy String",
        "filename": "pnpm-lock.yaml",
        "hashed_secret": "6586ff8316fecdd2e929ce0c364be721bd853ce8",
        "is_verified": false,
        "line_number": 621
      },
      {
        "type": "Base64 High Entropy String",
        "filename": "pnpm-lock.yaml",
        "hashed_secret": "fc7b2f07f919c3f8e20aa78a1756d2bcca252fb9",
        "is_verified": false,
        "line_number": 625
      },
      {
        "type": "Base64 High Entropy String",
        "filename": "pnpm-lock.yaml",
        "hashed_secret": "2091395f28e0fca3134e47e22b1567acba4fdf56",
        "is_verified": false,
        "line_number": 628
      },
      {
        "type": "Base64 High Entropy String",
        "filename": "pnpm-lock.yaml",
        "hashed_secret": "79493155bf971702ff00e70c7bd59d1e56c9e40c",
        "is_verified": false,
        "line_number": 631
      },
      {
        "type": "Base64 High Entropy String",
        "filename": "pnpm-lock.yaml",
        "hashed_secret": "b32dc7581438839b3baa8cbb9dafcc80017588ea",
        "is_verified": false,
        "line_number": 635
      },
      {
        "type": "Base64 High Entropy String",
        "filename": "pnpm-lock.yaml",
        "hashed_secret": "ddf74cb59d2a235813761b59a634ebb9d527a9a3",
        "is_verified": false,
        "line_number": 639
      },
      {
        "type": "Base64 High Entropy String",
        "filename": "pnpm-lock.yaml",
        "hashed_secret": "d143e205c2b409dd1d808e0a19aa09766b2a6c07",
        "is_verified": false,
        "line_number": 643
      },
      {
        "type": "Base64 High Entropy String",
        "filename": "pnpm-lock.yaml",
        "hashed_secret": "4ce7c15280c45a3415db8c2feac1ee0ced1554ac",
        "is_verified": false,
        "line_number": 647
      },
      {
        "type": "Base64 High Entropy String",
        "filename": "pnpm-lock.yaml",
        "hashed_secret": "2b2117946a2796b6a72c92fcd2ea25293e75c383",
        "is_verified": false,
        "line_number": 650
      },
      {
        "type": "Base64 High Entropy String",
        "filename": "pnpm-lock.yaml",
        "hashed_secret": "3cb8e7a708267691af8530db673cae1ad0578392",
        "is_verified": false,
        "line_number": 653
      },
      {
        "type": "Base64 High Entropy String",
        "filename": "pnpm-lock.yaml",
        "hashed_secret": "2069965feb8fcfa9f1afbe708ae41f107709e2cd",
        "is_verified": false,
        "line_number": 657
      },
      {
        "type": "Base64 High Entropy String",
        "filename": "pnpm-lock.yaml",
        "hashed_secret": "d8863c346b87ab9e420048134928a830cdb44e4f",
        "is_verified": false,
        "line_number": 662
      },
      {
        "type": "Base64 High Entropy String",
        "filename": "pnpm-lock.yaml",
        "hashed_secret": "1790c1f42e3416e31561c46b258d2f69c1608c85",
        "is_verified": false,
        "line_number": 667
      },
      {
        "type": "Base64 High Entropy String",
        "filename": "pnpm-lock.yaml",
        "hashed_secret": "2fcbf434b04ba0a49ae29f1d9ea0edc30881350b",
        "is_verified": false,
        "line_number": 671
      },
      {
        "type": "Base64 High Entropy String",
        "filename": "pnpm-lock.yaml",
        "hashed_secret": "5857898376f2e849d97cf7bf1a8a429bb315ca48",
        "is_verified": false,
        "line_number": 675
      },
      {
        "type": "Base64 High Entropy String",
        "filename": "pnpm-lock.yaml",
        "hashed_secret": "20cfa0bdad0fad3b2ec789357d7aedc0ff3da0c7",
        "is_verified": false,
        "line_number": 679
      },
      {
        "type": "Base64 High Entropy String",
        "filename": "pnpm-lock.yaml",
        "hashed_secret": "c0f64a532897bbd5497996fdfec7cfcd087540ce",
        "is_verified": false,
        "line_number": 682
      },
      {
        "type": "Base64 High Entropy String",
        "filename": "pnpm-lock.yaml",
        "hashed_secret": "b58ece1a23c6b414412378abceafd8549e609789",
        "is_verified": false,
        "line_number": 685
      },
      {
        "type": "Base64 High Entropy String",
        "filename": "pnpm-lock.yaml",
        "hashed_secret": "4fb28b14ff2c4dfd32138126666d09b3b4779da5",
        "is_verified": false,
        "line_number": 689
      },
      {
        "type": "Base64 High Entropy String",
        "filename": "pnpm-lock.yaml",
        "hashed_secret": "7e1d085812721297b6a5540f3b2d9416d2f57efb",
        "is_verified": false,
        "line_number": 692
      },
      {
        "type": "Base64 High Entropy String",
        "filename": "pnpm-lock.yaml",
        "hashed_secret": "beba03334cdc418a9f78bcfebca582f57e85ee5e",
        "is_verified": false,
        "line_number": 695
      },
      {
        "type": "Base64 High Entropy String",
        "filename": "pnpm-lock.yaml",
        "hashed_secret": "75060f54608105bb266d25b69f60c59c2f8afc76",
        "is_verified": false,
        "line_number": 698
      },
      {
        "type": "Base64 High Entropy String",
        "filename": "pnpm-lock.yaml",
        "hashed_secret": "02031683c4d321f8660ff8b2d0258362940c8a6d",
        "is_verified": false,
        "line_number": 701
      },
      {
        "type": "Base64 High Entropy String",
        "filename": "pnpm-lock.yaml",
        "hashed_secret": "8ac01bf7bd88646b5ac654fc3fa5fb703592bea4",
        "is_verified": false,
        "line_number": 704
      },
      {
        "type": "Base64 High Entropy String",
        "filename": "pnpm-lock.yaml",
        "hashed_secret": "16fa3bfaeef78e32910c87baf9060e51490d09ad",
        "is_verified": false,
        "line_number": 707
      },
      {
        "type": "Base64 High Entropy String",
        "filename": "pnpm-lock.yaml",
        "hashed_secret": "7c235e480345a8563b9b7348d8b568bd51bf3814",
        "is_verified": false,
        "line_number": 716
      },
      {
        "type": "Base64 High Entropy String",
        "filename": "pnpm-lock.yaml",
        "hashed_secret": "184476d985c0d799b82544165cb4d456129f594c",
        "is_verified": false,
        "line_number": 720
      },
      {
        "type": "Base64 High Entropy String",
        "filename": "pnpm-lock.yaml",
        "hashed_secret": "a848de44c6988252a196abf85c9284ffcb16e972",
        "is_verified": false,
        "line_number": 724
      },
      {
        "type": "Base64 High Entropy String",
        "filename": "pnpm-lock.yaml",
        "hashed_secret": "984e81c130ebc48c09073eeb0fad293df695d879",
        "is_verified": false,
        "line_number": 728
      },
      {
        "type": "Base64 High Entropy String",
        "filename": "pnpm-lock.yaml",
        "hashed_secret": "e7def153401559afaea80f78916ddb7855e2f19b",
        "is_verified": false,
        "line_number": 732
      },
      {
        "type": "Base64 High Entropy String",
        "filename": "pnpm-lock.yaml",
        "hashed_secret": "3a2509f90eae3bd2d71785a13b111ca8f235afd7",
        "is_verified": false,
        "line_number": 736
      },
      {
        "type": "Base64 High Entropy String",
        "filename": "pnpm-lock.yaml",
        "hashed_secret": "a80b24e305e815abbdd3ed661ba715fb626b5f02",
        "is_verified": false,
        "line_number": 742
      },
      {
        "type": "Base64 High Entropy String",
        "filename": "pnpm-lock.yaml",
        "hashed_secret": "1d0b70b56fd1d9a963465c05b81ddd27f8360024",
        "is_verified": false,
        "line_number": 745
      },
      {
        "type": "Base64 High Entropy String",
        "filename": "pnpm-lock.yaml",
        "hashed_secret": "371ca38e7acde2cb9e7c1a8bea0355722ff047cf",
        "is_verified": false,
        "line_number": 748
      },
      {
        "type": "Base64 High Entropy String",
        "filename": "pnpm-lock.yaml",
        "hashed_secret": "448a12fab32ecf37bc09acb6e8389e1c6fa67d3f",
        "is_verified": false,
        "line_number": 752
      },
      {
        "type": "Base64 High Entropy String",
        "filename": "pnpm-lock.yaml",
        "hashed_secret": "d73fe8c0164abfb760a216c04db2348fc815b90b",
        "is_verified": false,
        "line_number": 756
      },
      {
        "type": "Base64 High Entropy String",
        "filename": "pnpm-lock.yaml",
        "hashed_secret": "d852916b82cd5440007c77503ec6217b4fc14cf0",
        "is_verified": false,
        "line_number": 760
      },
      {
        "type": "Base64 High Entropy String",
        "filename": "pnpm-lock.yaml",
        "hashed_secret": "14c90191eeec6d4d8531828da61793450ff0257b",
        "is_verified": false,
        "line_number": 765
      },
      {
        "type": "Base64 High Entropy String",
        "filename": "pnpm-lock.yaml",
        "hashed_secret": "e895e57238b3899053909c7978d76cc11fd04ffb",
        "is_verified": false,
        "line_number": 769
      },
      {
        "type": "Base64 High Entropy String",
        "filename": "pnpm-lock.yaml",
        "hashed_secret": "13f3b6f590c89552c055d2b6318674ddb955ea83",
        "is_verified": false,
        "line_number": 772
      },
      {
        "type": "Base64 High Entropy String",
        "filename": "pnpm-lock.yaml",
        "hashed_secret": "d38db4de339dd0d1357615f32b431902a6d35999",
        "is_verified": false,
        "line_number": 776
      },
      {
        "type": "Base64 High Entropy String",
        "filename": "pnpm-lock.yaml",
        "hashed_secret": "9cfd1c9ff642dd3f9093c2e68fda7b9daba943ca",
        "is_verified": false,
        "line_number": 780
      },
      {
        "type": "Base64 High Entropy String",
        "filename": "pnpm-lock.yaml",
        "hashed_secret": "77865bbbd5e043e7b930d7475b9269cbd144fbb6",
        "is_verified": false,
        "line_number": 784
      },
      {
        "type": "Base64 High Entropy String",
        "filename": "pnpm-lock.yaml",
        "hashed_secret": "f1ac10cceb66eae06a957162ed1c39f18f017ee5",
        "is_verified": false,
        "line_number": 788
      },
      {
        "type": "Base64 High Entropy String",
        "filename": "pnpm-lock.yaml",
        "hashed_secret": "63c5cd4f6faf300b97018006999bad5ce9542782",
        "is_verified": false,
        "line_number": 792
      },
      {
        "type": "Base64 High Entropy String",
        "filename": "pnpm-lock.yaml",
        "hashed_secret": "4998ff2a0ba36435e009496dd705a5a0aa477334",
        "is_verified": false,
        "line_number": 795
      },
      {
        "type": "Base64 High Entropy String",
        "filename": "pnpm-lock.yaml",
        "hashed_secret": "bf34a497cb6b9312755fb176360e51248958e053",
        "is_verified": false,
        "line_number": 799
      },
      {
        "type": "Base64 High Entropy String",
        "filename": "pnpm-lock.yaml",
        "hashed_secret": "28b39ec24e3005969658899da8df00018ced10cf",
        "is_verified": false,
        "line_number": 803
      },
      {
        "type": "Base64 High Entropy String",
        "filename": "pnpm-lock.yaml",
        "hashed_secret": "8c6920e09f84889cd2b43fe18506a2188726015d",
        "is_verified": false,
        "line_number": 806
      },
      {
        "type": "Base64 High Entropy String",
        "filename": "pnpm-lock.yaml",
        "hashed_secret": "e9ce08fb0922eb7b6fd8078a79f948726b9b756e",
        "is_verified": false,
        "line_number": 811
      },
      {
        "type": "Base64 High Entropy String",
        "filename": "pnpm-lock.yaml",
        "hashed_secret": "d5ec021cbb92c3486e38fac176f4f59a6c1d92e8",
        "is_verified": false,
        "line_number": 815
      },
      {
        "type": "Base64 High Entropy String",
        "filename": "pnpm-lock.yaml",
        "hashed_secret": "0168f03d6f1748d5d7ae624a93f711333b69d01c",
        "is_verified": false,
        "line_number": 819
      },
      {
        "type": "Base64 High Entropy String",
        "filename": "pnpm-lock.yaml",
        "hashed_secret": "c1db1a9d780becc40ba600d0e33679ede9d707ef",
        "is_verified": false,
        "line_number": 823
      },
      {
        "type": "Base64 High Entropy String",
        "filename": "pnpm-lock.yaml",
        "hashed_secret": "796c31758bc4ac260f599a32049dd03cc7019635",
        "is_verified": false,
        "line_number": 827
      },
      {
        "type": "Base64 High Entropy String",
        "filename": "pnpm-lock.yaml",
        "hashed_secret": "2f1b0d290a74f226e457d82589deb547e44b0b00",
        "is_verified": false,
        "line_number": 832
      },
      {
        "type": "Base64 High Entropy String",
        "filename": "pnpm-lock.yaml",
        "hashed_secret": "8f95bdf43361cffe6720264f402b5636239f6367",
        "is_verified": false,
        "line_number": 836
      },
      {
        "type": "Base64 High Entropy String",
        "filename": "pnpm-lock.yaml",
        "hashed_secret": "f89ed9527422d1b197cbc9a4515b18bf462823a3",
        "is_verified": false,
        "line_number": 840
      },
      {
        "type": "Base64 High Entropy String",
        "filename": "pnpm-lock.yaml",
        "hashed_secret": "523696dbce7fa1ba78c3e9e7ced068a037d0e6a1",
        "is_verified": false,
        "line_number": 844
      },
      {
        "type": "Base64 High Entropy String",
        "filename": "pnpm-lock.yaml",
        "hashed_secret": "020a3facf8cddca121e09a524901e851f5bd14fb",
        "is_verified": false,
        "line_number": 848
      },
      {
        "type": "Base64 High Entropy String",
        "filename": "pnpm-lock.yaml",
        "hashed_secret": "72fe81b664ff3e8f2cfd463e4ce38ef94e2ba274",
        "is_verified": false,
        "line_number": 851
      },
      {
        "type": "Base64 High Entropy String",
        "filename": "pnpm-lock.yaml",
        "hashed_secret": "037794ab9a70e1e7335e91623d60e1c3b7f1b8d4",
        "is_verified": false,
        "line_number": 855
      },
      {
        "type": "Base64 High Entropy String",
        "filename": "pnpm-lock.yaml",
        "hashed_secret": "0835972adf69eb347097220d3fd34109081f837f",
        "is_verified": false,
        "line_number": 859
      },
      {
        "type": "Base64 High Entropy String",
        "filename": "pnpm-lock.yaml",
        "hashed_secret": "347211552fbc738f276a998116b5ef0f8750cb92",
        "is_verified": false,
        "line_number": 863
      },
      {
        "type": "Base64 High Entropy String",
        "filename": "pnpm-lock.yaml",
        "hashed_secret": "d4ab4bf7e2f51f73ffcc91ab533b0ceb1cd1a778",
        "is_verified": false,
        "line_number": 867
      },
      {
        "type": "Base64 High Entropy String",
        "filename": "pnpm-lock.yaml",
        "hashed_secret": "5856bd4cb3a23981807d6e537408344c13ffaada",
        "is_verified": false,
        "line_number": 871
      },
      {
        "type": "Base64 High Entropy String",
        "filename": "pnpm-lock.yaml",
        "hashed_secret": "0b2558349b06c5c0d5e3bacbacb81aa4b8576c13",
        "is_verified": false,
        "line_number": 874
      },
      {
        "type": "Base64 High Entropy String",
        "filename": "pnpm-lock.yaml",
        "hashed_secret": "a38b32005305ff20174b03ddb42d76d3ef9cd7cb",
        "is_verified": false,
        "line_number": 878
      },
      {
        "type": "Base64 High Entropy String",
        "filename": "pnpm-lock.yaml",
        "hashed_secret": "e7c4ee17ab711302f98d915dd0b266cd2d1063e5",
        "is_verified": false,
        "line_number": 881
      },
      {
        "type": "Base64 High Entropy String",
        "filename": "pnpm-lock.yaml",
        "hashed_secret": "8f81d05373d51877dfa73b56b7218cc042ab8147",
        "is_verified": false,
        "line_number": 884
      },
      {
        "type": "Base64 High Entropy String",
        "filename": "pnpm-lock.yaml",
        "hashed_secret": "1e94f147d0d24999498d3527047accfcd7cd2402",
        "is_verified": false,
        "line_number": 887
      },
      {
        "type": "Base64 High Entropy String",
        "filename": "pnpm-lock.yaml",
        "hashed_secret": "af1761dddd338a777dabd8eb8f1ae8955205a116",
        "is_verified": false,
        "line_number": 890
      },
      {
        "type": "Base64 High Entropy String",
        "filename": "pnpm-lock.yaml",
        "hashed_secret": "f527d75ad79d9d6d007c979888d70e0b2bf8ad09",
        "is_verified": false,
        "line_number": 893
      },
      {
        "type": "Base64 High Entropy String",
        "filename": "pnpm-lock.yaml",
        "hashed_secret": "6f17552a49d8041605b1ca83358ce606158f86d0",
        "is_verified": false,
        "line_number": 896
      },
      {
        "type": "Base64 High Entropy String",
        "filename": "pnpm-lock.yaml",
        "hashed_secret": "3096c8a9e57262c8b5d3ca42a6105e1981f09d0a",
        "is_verified": false,
        "line_number": 899
      },
      {
        "type": "Base64 High Entropy String",
        "filename": "pnpm-lock.yaml",
        "hashed_secret": "88f88432a8e034d0adc46e36bc336e4b93391ac4",
        "is_verified": false,
        "line_number": 902
      },
      {
        "type": "Base64 High Entropy String",
        "filename": "pnpm-lock.yaml",
        "hashed_secret": "f30db3965cfaf45c216038e7ce454d23be9c08b4",
        "is_verified": false,
        "line_number": 905
      },
      {
        "type": "Base64 High Entropy String",
        "filename": "pnpm-lock.yaml",
        "hashed_secret": "eaa857f11306215d46e8c393a8b091b400ff964d",
        "is_verified": false,
        "line_number": 908
      },
      {
        "type": "Base64 High Entropy String",
        "filename": "pnpm-lock.yaml",
        "hashed_secret": "3d94ea47e137db085904973a46af06d556b930e5",
        "is_verified": false,
        "line_number": 911
      },
      {
        "type": "Base64 High Entropy String",
        "filename": "pnpm-lock.yaml",
        "hashed_secret": "87aff3c6c2e4719c7c068c625dc5c6bb833ab411",
        "is_verified": false,
        "line_number": 915
      },
      {
        "type": "Base64 High Entropy String",
        "filename": "pnpm-lock.yaml",
        "hashed_secret": "300fcb835ce503a0de534536e5beadf0274046c6",
        "is_verified": false,
        "line_number": 918
      },
      {
        "type": "Base64 High Entropy String",
        "filename": "pnpm-lock.yaml",
        "hashed_secret": "3d85591560180062aaccb97b7182b8dd9e1d6b69",
        "is_verified": false,
        "line_number": 922
      },
      {
        "type": "Base64 High Entropy String",
        "filename": "pnpm-lock.yaml",
        "hashed_secret": "5a12ff057b2491c58fe1cc906d19d5ff2fcc017d",
        "is_verified": false,
        "line_number": 926
      },
      {
        "type": "Base64 High Entropy String",
        "filename": "pnpm-lock.yaml",
        "hashed_secret": "73f99321c1d31c19b059d58bf503320edb5ca0b8",
        "is_verified": false,
        "line_number": 930
      },
      {
        "type": "Base64 High Entropy String",
        "filename": "pnpm-lock.yaml",
        "hashed_secret": "81a165cc6dfc1c5b2a498fefdd6a0774232063b9",
        "is_verified": false,
        "line_number": 934
      },
      {
        "type": "Base64 High Entropy String",
        "filename": "pnpm-lock.yaml",
        "hashed_secret": "9e05a6588b71fa0fc16197582d59d740f63b9104",
        "is_verified": false,
        "line_number": 938
      },
      {
        "type": "Base64 High Entropy String",
        "filename": "pnpm-lock.yaml",
        "hashed_secret": "7d8b76254bae20f2e448a23f362a29cc85d2a218",
        "is_verified": false,
        "line_number": 942
      },
      {
        "type": "Base64 High Entropy String",
        "filename": "pnpm-lock.yaml",
        "hashed_secret": "abb99044ff3c205878969cf6238197f65ebb1193",
        "is_verified": false,
        "line_number": 946
      },
      {
        "type": "Base64 High Entropy String",
        "filename": "pnpm-lock.yaml",
        "hashed_secret": "8ac8e759308be486fa9eb1fcadf99defd39eab96",
        "is_verified": false,
        "line_number": 950
      },
      {
        "type": "Base64 High Entropy String",
        "filename": "pnpm-lock.yaml",
        "hashed_secret": "805d9656080308c11cde7cb7f0310e12c7e60c48",
        "is_verified": false,
        "line_number": 953
      },
      {
        "type": "Base64 High Entropy String",
        "filename": "pnpm-lock.yaml",
        "hashed_secret": "e6790cf37e1bb89911a301e911658358eb18670e",
        "is_verified": false,
        "line_number": 956
      },
      {
        "type": "Base64 High Entropy String",
        "filename": "pnpm-lock.yaml",
        "hashed_secret": "68098bf4bc6873ec14d7ceb6ca8ae49988505c5c",
        "is_verified": false,
        "line_number": 960
      },
      {
        "type": "Base64 High Entropy String",
        "filename": "pnpm-lock.yaml",
        "hashed_secret": "14dc997fa8c94d8b117a75e98a75167774dcedd8",
        "is_verified": false,
        "line_number": 963
      },
      {
        "type": "Base64 High Entropy String",
        "filename": "pnpm-lock.yaml",
        "hashed_secret": "412ef1b0123511558b9206cc5832da2a7be95d07",
        "is_verified": false,
        "line_number": 967
      },
      {
        "type": "Base64 High Entropy String",
        "filename": "pnpm-lock.yaml",
        "hashed_secret": "dcc4cd9f908162383337b56c0acac91164c20b07",
        "is_verified": false,
        "line_number": 971
      },
      {
        "type": "Base64 High Entropy String",
        "filename": "pnpm-lock.yaml",
        "hashed_secret": "e1eb737f7915f9bc1003f66716b71af4fa5524df",
        "is_verified": false,
        "line_number": 974
      },
      {
        "type": "Base64 High Entropy String",
        "filename": "pnpm-lock.yaml",
        "hashed_secret": "fda32d3b8f9d0ef2ac63b23ae181cd96000602d1",
        "is_verified": false,
        "line_number": 978
      },
      {
        "type": "Base64 High Entropy String",
        "filename": "pnpm-lock.yaml",
        "hashed_secret": "51853c582cf7b9a973d694c716d11f80af57018e",
        "is_verified": false,
        "line_number": 981
      },
      {
        "type": "Base64 High Entropy String",
        "filename": "pnpm-lock.yaml",
        "hashed_secret": "6469b697cc2e8fe18624cc9af59e286a8dbaaa71",
        "is_verified": false,
        "line_number": 986
      },
      {
        "type": "Base64 High Entropy String",
        "filename": "pnpm-lock.yaml",
        "hashed_secret": "f919cefce72278c96d5c9618afcd94552f6e6721",
        "is_verified": false,
        "line_number": 989
      },
      {
        "type": "Base64 High Entropy String",
        "filename": "pnpm-lock.yaml",
        "hashed_secret": "ac94990a9ae2a54dde0d1ac175b85141ffde1472",
        "is_verified": false,
        "line_number": 993
      },
      {
        "type": "Base64 High Entropy String",
        "filename": "pnpm-lock.yaml",
        "hashed_secret": "cddc2e8173e11b634421f8bfefb431eb6d4e0682",
        "is_verified": false,
        "line_number": 997
      },
      {
        "type": "Base64 High Entropy String",
        "filename": "pnpm-lock.yaml",
        "hashed_secret": "c906aa1859db990c44c5e56101ba3e1340555979",
        "is_verified": false,
        "line_number": 1001
      },
      {
        "type": "Base64 High Entropy String",
        "filename": "pnpm-lock.yaml",
        "hashed_secret": "facc9a5441480e6231e644193f3182afae39e11e",
        "is_verified": false,
        "line_number": 1005
      },
      {
        "type": "Base64 High Entropy String",
        "filename": "pnpm-lock.yaml",
        "hashed_secret": "664d1f9d1264ad400fa01bde9af18319961e4ea2",
        "is_verified": false,
        "line_number": 1009
      },
      {
        "type": "Base64 High Entropy String",
        "filename": "pnpm-lock.yaml",
        "hashed_secret": "139323d71483de0860981200fb39673681ab2ef2",
        "is_verified": false,
        "line_number": 1015
      },
      {
        "type": "Base64 High Entropy String",
        "filename": "pnpm-lock.yaml",
        "hashed_secret": "d9efbdf71c548a000ac469ddb800a566a21d9824",
        "is_verified": false,
        "line_number": 1019
      },
      {
        "type": "Base64 High Entropy String",
        "filename": "pnpm-lock.yaml",
        "hashed_secret": "ac686c39170bf8ccc8f3c643f47bc49a47726f2d",
        "is_verified": false,
        "line_number": 1023
      },
      {
        "type": "Base64 High Entropy String",
        "filename": "pnpm-lock.yaml",
        "hashed_secret": "692fadea1fd2fef05ee78cc0d667828f0b09323e",
        "is_verified": false,
        "line_number": 1026
      },
      {
        "type": "Base64 High Entropy String",
        "filename": "pnpm-lock.yaml",
        "hashed_secret": "a258e2e60d4169de25bbe59690eb461131dff6fd",
        "is_verified": false,
        "line_number": 1030
      },
      {
        "type": "Base64 High Entropy String",
        "filename": "pnpm-lock.yaml",
        "hashed_secret": "b8f465125c09ed232293a4a3bd14b4e06db12e92",
        "is_verified": false,
        "line_number": 1033
      },
      {
        "type": "Base64 High Entropy String",
        "filename": "pnpm-lock.yaml",
        "hashed_secret": "d25f38e564eeda6402f558b3ad020bd05220df32",
        "is_verified": false,
        "line_number": 1036
      },
      {
        "type": "Base64 High Entropy String",
        "filename": "pnpm-lock.yaml",
        "hashed_secret": "9235bcf425e49c5749d9f52ed67b13717efda795",
        "is_verified": false,
        "line_number": 1039
      },
      {
        "type": "Base64 High Entropy String",
        "filename": "pnpm-lock.yaml",
        "hashed_secret": "7c94fd4ffd86fb166475740ed5005b12db8ce8b7",
        "is_verified": false,
        "line_number": 1042
      },
      {
        "type": "Base64 High Entropy String",
        "filename": "pnpm-lock.yaml",
        "hashed_secret": "4439cc784aca22e5cdf33ed6656f5b8b99eaa44d",
        "is_verified": false,
        "line_number": 1045
      },
      {
        "type": "Base64 High Entropy String",
        "filename": "pnpm-lock.yaml",
        "hashed_secret": "3bae03646f3110a32c0d619e0c5fb4a15d624dfb",
        "is_verified": false,
        "line_number": 1048
      },
      {
        "type": "Base64 High Entropy String",
        "filename": "pnpm-lock.yaml",
        "hashed_secret": "c913e25d66bfa8a1a87b47706adbc7f38053d44d",
        "is_verified": false,
        "line_number": 1052
      },
      {
        "type": "Base64 High Entropy String",
        "filename": "pnpm-lock.yaml",
        "hashed_secret": "f6c1b98c4849563e7d02aabcdd379b35e388564c",
        "is_verified": false,
        "line_number": 1056
      },
      {
        "type": "Base64 High Entropy String",
        "filename": "pnpm-lock.yaml",
        "hashed_secret": "7ca5649e5198315dc4e44f7416d528e4f23d7e4c",
        "is_verified": false,
        "line_number": 1059
      },
      {
        "type": "Base64 High Entropy String",
        "filename": "pnpm-lock.yaml",
        "hashed_secret": "10a68ecd6a22d79bc6f56dc21367729dc95827cb",
        "is_verified": false,
        "line_number": 1063
      },
      {
        "type": "Base64 High Entropy String",
        "filename": "pnpm-lock.yaml",
        "hashed_secret": "d55fc13943bc5445a3677032d1ba80d9a1f53341",
        "is_verified": false,
        "line_number": 1067
      },
      {
        "type": "Base64 High Entropy String",
        "filename": "pnpm-lock.yaml",
        "hashed_secret": "0cc5b679f8b00968c2b6ce3c4a262f7371ad8546",
        "is_verified": false,
        "line_number": 1072
      },
      {
        "type": "Base64 High Entropy String",
        "filename": "pnpm-lock.yaml",
        "hashed_secret": "f635f8a2c01685098d4b301fe4ca44a7eabbfb8e",
        "is_verified": false,
        "line_number": 1075
      },
      {
        "type": "Base64 High Entropy String",
        "filename": "pnpm-lock.yaml",
        "hashed_secret": "60edf9357ab126e077a488706704a2f658e19087",
        "is_verified": false,
        "line_number": 1079
      },
      {
        "type": "Base64 High Entropy String",
        "filename": "pnpm-lock.yaml",
        "hashed_secret": "6c8698ec180cb58d9c2baa683e3a57c1eb18e2f3",
        "is_verified": false,
        "line_number": 1082
      },
      {
        "type": "Base64 High Entropy String",
        "filename": "pnpm-lock.yaml",
        "hashed_secret": "0f40f0c683ed5a9e3524ecf3000bd1b713ce98e0",
        "is_verified": false,
        "line_number": 1085
      },
      {
        "type": "Base64 High Entropy String",
        "filename": "pnpm-lock.yaml",
        "hashed_secret": "bacfc4ee22c20cd4e1889197720a5c4b02d2f3ec",
        "is_verified": false,
        "line_number": 1088
      },
      {
        "type": "Base64 High Entropy String",
        "filename": "pnpm-lock.yaml",
        "hashed_secret": "e943a62fd799e893e3697ecd447c555c0eec682b",
        "is_verified": false,
        "line_number": 1091
      },
      {
        "type": "Base64 High Entropy String",
        "filename": "pnpm-lock.yaml",
        "hashed_secret": "2e19904ddb20cc06e4d73bb1f35ad34fc383ebd7",
        "is_verified": false,
        "line_number": 1095
      },
      {
        "type": "Base64 High Entropy String",
        "filename": "pnpm-lock.yaml",
        "hashed_secret": "3c48660b66db6687c2ba1b7ffbac279614eead6e",
        "is_verified": false,
        "line_number": 1100
      },
      {
        "type": "Base64 High Entropy String",
        "filename": "pnpm-lock.yaml",
        "hashed_secret": "5a485a4915f94231f9dc5b355ddda367442ba450",
        "is_verified": false,
        "line_number": 1104
      },
      {
        "type": "Base64 High Entropy String",
        "filename": "pnpm-lock.yaml",
        "hashed_secret": "41135cd24fce09855f67710faed09efce38cd9fb",
        "is_verified": false,
        "line_number": 1108
      },
      {
        "type": "Base64 High Entropy String",
        "filename": "pnpm-lock.yaml",
        "hashed_secret": "f241e44dd1421cd26ac78332db57217a61f50c94",
        "is_verified": false,
        "line_number": 1112
      },
      {
        "type": "Base64 High Entropy String",
        "filename": "pnpm-lock.yaml",
        "hashed_secret": "bfb59a5ae276713612fc79718254aab71db0463d",
        "is_verified": false,
        "line_number": 1116
      },
      {
        "type": "Base64 High Entropy String",
        "filename": "pnpm-lock.yaml",
        "hashed_secret": "03701d1bf378bb47999cf5c4b8ebb2663f13b63b",
        "is_verified": false,
        "line_number": 1120
      },
      {
        "type": "Base64 High Entropy String",
        "filename": "pnpm-lock.yaml",
        "hashed_secret": "19a998b1bf7031d19515cd35f049a7a6aa7dd1b3",
        "is_verified": false,
        "line_number": 1124
      },
      {
        "type": "Base64 High Entropy String",
        "filename": "pnpm-lock.yaml",
        "hashed_secret": "7ad52e0c05dba7010fd6b533d670a78a4cddea0c",
        "is_verified": false,
        "line_number": 1128
      },
      {
        "type": "Base64 High Entropy String",
        "filename": "pnpm-lock.yaml",
        "hashed_secret": "dba7a636ef0b7f00cb8c1cfce617db1201444012",
        "is_verified": false,
        "line_number": 1132
      },
      {
        "type": "Base64 High Entropy String",
        "filename": "pnpm-lock.yaml",
        "hashed_secret": "1508bbaf29927b5348d4df62823dab122a0d3b48",
        "is_verified": false,
        "line_number": 1135
      },
      {
        "type": "Base64 High Entropy String",
        "filename": "pnpm-lock.yaml",
        "hashed_secret": "39ffec566bffcf8c829bbb54c2f3e06aadbccb15",
        "is_verified": false,
        "line_number": 1138
      },
      {
        "type": "Base64 High Entropy String",
        "filename": "pnpm-lock.yaml",
        "hashed_secret": "2ddb7c065579b434d9d1508bc0c6dcdc4d249f76",
        "is_verified": false,
        "line_number": 1143
      },
      {
        "type": "Base64 High Entropy String",
        "filename": "pnpm-lock.yaml",
        "hashed_secret": "e0c6ae09dd70fa25056d591ada0ad32df0dfe873",
        "is_verified": false,
        "line_number": 1148
      },
      {
        "type": "Base64 High Entropy String",
        "filename": "pnpm-lock.yaml",
        "hashed_secret": "98d96ee2383c5c7b6c73eb51b9045775add8b84a",
        "is_verified": false,
        "line_number": 1152
      },
      {
        "type": "Base64 High Entropy String",
        "filename": "pnpm-lock.yaml",
        "hashed_secret": "4cc691e44f06d601ea115ca0d6978d28ebc18a71",
        "is_verified": false,
        "line_number": 1156
      },
      {
        "type": "Base64 High Entropy String",
        "filename": "pnpm-lock.yaml",
        "hashed_secret": "b4294a3f79b6adde0f29e9091eb1ee070b0f1b24",
        "is_verified": false,
        "line_number": 1160
      },
      {
        "type": "Base64 High Entropy String",
        "filename": "pnpm-lock.yaml",
        "hashed_secret": "8db956011899a12e5f3cd3b6451ca77c5896f94d",
        "is_verified": false,
        "line_number": 1164
      },
      {
        "type": "Base64 High Entropy String",
        "filename": "pnpm-lock.yaml",
        "hashed_secret": "3cec356b4ff63d59160877b7da1bdac2897b3d3d",
        "is_verified": false,
        "line_number": 1168
      },
      {
        "type": "Base64 High Entropy String",
        "filename": "pnpm-lock.yaml",
        "hashed_secret": "1cb5fddb971e504e9f3c988034dd8643d47b1a43",
        "is_verified": false,
        "line_number": 1171
      },
      {
        "type": "Base64 High Entropy String",
        "filename": "pnpm-lock.yaml",
        "hashed_secret": "29c480c45e32cedbac883aeecfde98a25aa06b28",
        "is_verified": false,
        "line_number": 1174
      },
      {
        "type": "Base64 High Entropy String",
        "filename": "pnpm-lock.yaml",
        "hashed_secret": "5d679632236831f6d6e53d9113005f6c4a7ed697",
        "is_verified": false,
        "line_number": 1177
      },
      {
        "type": "Base64 High Entropy String",
        "filename": "pnpm-lock.yaml",
        "hashed_secret": "e201084320142822eb7812b94ac4a8ffd64f191d",
        "is_verified": false,
        "line_number": 1180
      },
      {
        "type": "Base64 High Entropy String",
        "filename": "pnpm-lock.yaml",
        "hashed_secret": "bdaf8b094715fef6fc9d26c411bc0f51e1f4d6bd",
        "is_verified": false,
        "line_number": 1184
      },
      {
        "type": "Base64 High Entropy String",
        "filename": "pnpm-lock.yaml",
        "hashed_secret": "7e8eff3543eb6a69fad70689d5a6f69ff757d73e",
        "is_verified": false,
        "line_number": 1188
      },
      {
        "type": "Base64 High Entropy String",
        "filename": "pnpm-lock.yaml",
        "hashed_secret": "4c8a960439864672cef22edf28a40c8a3749ed68",
        "is_verified": false,
        "line_number": 1192
      },
      {
        "type": "Base64 High Entropy String",
        "filename": "pnpm-lock.yaml",
        "hashed_secret": "7268ef4cac1850afd5fa09179f14b9ba7945e998",
        "is_verified": false,
        "line_number": 1196
      },
      {
        "type": "Base64 High Entropy String",
        "filename": "pnpm-lock.yaml",
        "hashed_secret": "c8401648a1024646ca951addc1693d4600512ccc",
        "is_verified": false,
        "line_number": 1200
      },
      {
        "type": "Base64 High Entropy String",
        "filename": "pnpm-lock.yaml",
        "hashed_secret": "3bea92b9f6fb799774c52db9b38668949e60a65f",
        "is_verified": false,
        "line_number": 1204
      },
      {
        "type": "Base64 High Entropy String",
        "filename": "pnpm-lock.yaml",
        "hashed_secret": "36a41bfa336a40f390233bcb3edba75b423c0ac5",
        "is_verified": false,
        "line_number": 1208
      },
      {
        "type": "Base64 High Entropy String",
        "filename": "pnpm-lock.yaml",
        "hashed_secret": "9bf200e3147a1d837839d6bf5b649716c1537cbb",
        "is_verified": false,
        "line_number": 1212
      },
      {
        "type": "Base64 High Entropy String",
        "filename": "pnpm-lock.yaml",
        "hashed_secret": "1319241c9339d2d0fa21df8b55e6cf255ee85a2a",
        "is_verified": false,
        "line_number": 1215
      },
      {
        "type": "Base64 High Entropy String",
        "filename": "pnpm-lock.yaml",
        "hashed_secret": "4e65da49f5fe5560a904f41bd2519c712c48c151",
        "is_verified": false,
        "line_number": 1219
      },
      {
        "type": "Base64 High Entropy String",
        "filename": "pnpm-lock.yaml",
        "hashed_secret": "b9d6359fabc640786748fbc71eb7510582560090",
        "is_verified": false,
        "line_number": 1224
      },
      {
        "type": "Base64 High Entropy String",
        "filename": "pnpm-lock.yaml",
        "hashed_secret": "3894350d13957352daa8660e7b56bf06e05e494c",
        "is_verified": false,
        "line_number": 1229
      },
      {
        "type": "Base64 High Entropy String",
        "filename": "pnpm-lock.yaml",
        "hashed_secret": "b25623adbf2394e6c215be8322cb15f0567f6c1e",
        "is_verified": false,
        "line_number": 1232
      },
      {
        "type": "Base64 High Entropy String",
        "filename": "pnpm-lock.yaml",
        "hashed_secret": "8f770445144cc4fea533f1524259cbe31ddd5712",
        "is_verified": false,
        "line_number": 1236
      },
      {
        "type": "Base64 High Entropy String",
        "filename": "pnpm-lock.yaml",
        "hashed_secret": "91ecd999d1405b2ccf8e834c3ffb8cf1fe756a3a",
        "is_verified": false,
        "line_number": 1240
      },
      {
        "type": "Base64 High Entropy String",
        "filename": "pnpm-lock.yaml",
        "hashed_secret": "f427e11d8ab768118693a39aa38f5f5215b096c8",
        "is_verified": false,
        "line_number": 1243
      },
      {
        "type": "Base64 High Entropy String",
        "filename": "pnpm-lock.yaml",
        "hashed_secret": "4311b1992ce595dc1c806a790ce9b90f5ea08e48",
        "is_verified": false,
        "line_number": 1247
      },
      {
        "type": "Base64 High Entropy String",
        "filename": "pnpm-lock.yaml",
        "hashed_secret": "c06674850a2a4b76821da3c667d85f73b4c74e42",
        "is_verified": false,
        "line_number": 1250
      },
      {
        "type": "Base64 High Entropy String",
        "filename": "pnpm-lock.yaml",
        "hashed_secret": "63c5647d569cb91eae2e899230886e5d0f6142b8",
        "is_verified": false,
        "line_number": 1254
      },
      {
        "type": "Base64 High Entropy String",
        "filename": "pnpm-lock.yaml",
        "hashed_secret": "5b2f7f4e37d6b30d07f003ccad464736e7eca574",
        "is_verified": false,
        "line_number": 1259
      },
      {
        "type": "Base64 High Entropy String",
        "filename": "pnpm-lock.yaml",
        "hashed_secret": "5a5474903a1de800796da875e9b59c84f8870f76",
        "is_verified": false,
        "line_number": 1263
      },
      {
        "type": "Base64 High Entropy String",
        "filename": "pnpm-lock.yaml",
        "hashed_secret": "c38269287d6eb215ec1294b049c226f87c756dbb",
        "is_verified": false,
        "line_number": 1266
      },
      {
        "type": "Base64 High Entropy String",
        "filename": "pnpm-lock.yaml",
        "hashed_secret": "502ed3cb6d6f07c63a9a2ef33f92a2f3097cc722",
        "is_verified": false,
        "line_number": 1270
      },
      {
        "type": "Base64 High Entropy String",
        "filename": "pnpm-lock.yaml",
        "hashed_secret": "47f61db9968d9147373f9919fb2d39f044af96d4",
        "is_verified": false,
        "line_number": 1273
      },
      {
        "type": "Base64 High Entropy String",
        "filename": "pnpm-lock.yaml",
        "hashed_secret": "66d1143fba82678e6321e0db5e57977965025030",
        "is_verified": false,
        "line_number": 1277
      },
      {
        "type": "Base64 High Entropy String",
        "filename": "pnpm-lock.yaml",
        "hashed_secret": "fd979750316587a434d421119fe616d5325ac2fb",
        "is_verified": false,
        "line_number": 1281
      },
      {
        "type": "Base64 High Entropy String",
        "filename": "pnpm-lock.yaml",
        "hashed_secret": "f517feec4703cacc2629b34a71b6c4f71dcaaacb",
        "is_verified": false,
        "line_number": 1285
      },
      {
        "type": "Base64 High Entropy String",
        "filename": "pnpm-lock.yaml",
        "hashed_secret": "eda94171b6decd250070e6c7fc57a8752fa30193",
        "is_verified": false,
        "line_number": 1289
      },
      {
        "type": "Base64 High Entropy String",
        "filename": "pnpm-lock.yaml",
        "hashed_secret": "6d78402d8230616241f803c167b30a4aae7fdd39",
        "is_verified": false,
        "line_number": 1293
      },
      {
        "type": "Base64 High Entropy String",
        "filename": "pnpm-lock.yaml",
        "hashed_secret": "7feefafc9d205c28576056af007b3eee399a827a",
        "is_verified": false,
        "line_number": 1297
      },
      {
        "type": "Secret Keyword",
        "filename": "pnpm-lock.yaml",
        "hashed_secret": "c2b9be67708bd9e6b1bb948a55331f3eccf6b368",
        "is_verified": false,
        "line_number": 1517
      }
    ]
  },
  "generated_at": "2026-07-29T03:36:15Z"
}
